=== finding-02 recheck at upstream main ad45522 (2026-07-09) ===
--- default flow: otelc go build (no pin) ---
go: downloading golang.org/x/net v0.46.0
go: downloading golang.org/x/sys v0.37.0
go: downloading golang.org/x/text v0.30.0
go: finding module for package github.com/kr/text
go: found go.opentelemetry.io/otelc/instrumentation/go.opentelemetry.io/otel/init in go.opentelemetry.io/otelc/instrumentation/go.opentelemetry.io/otel/init v0.0.0-00010101000000-000000000000
go: found go.opentelemetry.io/otelc/instrumentation/google.golang.org/grpc/client in go.opentelemetry.io/otelc/instrumentation/google.golang.org/grpc/client v0.0.0-00010101000000-000000000000
go: found go.opentelemetry.io/otelc/instrumentation/google.golang.org/grpc/server in go.opentelemetry.io/otelc/instrumentation/google.golang.org/grpc/server v0.0.0-00010101000000-000000000000
go: found go.opentelemetry.io/otelc/instrumentation/log in go.opentelemetry.io/otelc/instrumentation/log v0.0.0-00010101000000-000000000000
go: found go.opentelemetry.io/otelc/instrumentation/net/http/client in go.opentelemetry.io/otelc/instrumentation/net/http/client v0.0.0-00010101000000-000000000000
go: found go.opentelemetry.io/otelc/instrumentation/net/http/server in go.opentelemetry.io/otelc/instrumentation/net/http/server v0.0.0-00010101000000-000000000000
go: found go.opentelemetry.io/otelc/instrumentation/runtime in go.opentelemetry.io/otelc/instrumentation/runtime v0.0.0-00010101000000-000000000000
go: found github.com/kr/text in github.com/kr/text v0.2.0
Bumped go version (1.24.7 -> 1.25.0)
Bumped dependency google.golang.org/grpc (v1.70.0 -> v1.82.0)
WORK=/tmp/go-build3850387764
exit=0

--- verification (second run, clean exit capture) ---
otelc go build exit=0; binary produced
go tool nm app | grep -c OtelBeforeTrampoline -> 10 (fully instrumented)
post-build go.mod: go 1.24.7 + grpc v1.70.0 (user pins restored by cleanup)
build log notices: 'Bumped go version (1.24.7 -> 1.25.0)', 'Bumped dependency google.golang.org/grpc (v1.70.0 -> v1.82.0)'
verdict: both finding-02 repro modes FIXED at ad45522 by #655's sync-then-rematch flow
