WORK=/tmp/go-build4190345555
.otelc-build/pkg/runtime/setup.go:13:2: missing go.sum entry for module providing package go.opentelemetry.io/contrib/exporters/autoexport (imported by go.opentelemetry.io/otelc/pkg/runtime); to add:
	go get go.opentelemetry.io/otelc/pkg/runtime@v0.0.0-00010101000000-000000000000
.otelc-build/pkg/runtime/setup.go:14:2: missing go.sum entry for module providing package go.opentelemetry.io/contrib/instrumentation/runtime (imported by go.opentelemetry.io/otelc/pkg/runtime); to add:
	go get go.opentelemetry.io/otelc/pkg/runtime@v0.0.0-00010101000000-000000000000
.otelc-build/pkg/runtime/setup.go:15:2: missing go.sum entry for module providing package go.opentelemetry.io/otel (imported by go.opentelemetry.io/otelc/instrumentation/net/http/client); to add:
	go get go.opentelemetry.io/otelc/instrumentation/net/http/client@v0.0.0-00010101000000-000000000000
.otelc-build/pkg/runtime/setup.go:16:2: missing go.sum entry for module providing package go.opentelemetry.io/otel/propagation (imported by go.opentelemetry.io/otelc/instrumentation/net/http/client); to add:
	go get go.opentelemetry.io/otelc/instrumentation/net/http/client@v0.0.0-00010101000000-000000000000
.otelc-build/pkg/runtime/setup.go:17:2: missing go.sum entry for module providing package go.opentelemetry.io/otel/sdk/metric (imported by go.opentelemetry.io/otelc/pkg/runtime); to add:
	go get go.opentelemetry.io/otelc/pkg/runtime@v0.0.0-00010101000000-000000000000
.otelc-build/pkg/runtime/setup.go:18:2: missing go.sum entry for module providing package go.opentelemetry.io/otel/sdk/resource (imported by go.opentelemetry.io/otelc/pkg/runtime); to add:
	go get go.opentelemetry.io/otelc/pkg/runtime@v0.0.0-00010101000000-000000000000
.otelc-build/pkg/runtime/setup.go:19:2: missing go.sum entry for module providing package go.opentelemetry.io/otel/sdk/trace (imported by go.opentelemetry.io/otelc/pkg/runtime); to add:
	go get go.opentelemetry.io/otelc/pkg/runtime@v0.0.0-00010101000000-000000000000
.otelc-build/pkg/runtime/trace_context.go:7:2: missing go.sum entry for module providing package go.opentelemetry.io/otel/trace (imported by go.opentelemetry.io/otelc/instrumentation/net/http/client); to add:
	go get go.opentelemetry.io/otelc/instrumentation/net/http/client@v0.0.0-00010101000000-000000000000
.otelc-build/instrumentation/net/http/client/client_hook.go:13:2: missing go.sum entry for module providing package go.opentelemetry.io/otel/codes (imported by go.opentelemetry.io/otelc/instrumentation/net/http/client); to add:
	go get go.opentelemetry.io/otelc/instrumentation/net/http/client@v0.0.0-00010101000000-000000000000
.otelc-build/instrumentation/net/http/semconv/client.go:14:2: missing go.sum entry for module providing package go.opentelemetry.io/otel/attribute (imported by go.opentelemetry.io/otelc/instrumentation/net/http/semconv); to add:
	go get go.opentelemetry.io/otelc/instrumentation/net/http/semconv@v0.0.0-00010101000000-000000000000
.otelc-build/instrumentation/net/http/semconv/client.go:16:2: missing go.sum entry for module providing package go.opentelemetry.io/otel/metric (imported by go.opentelemetry.io/otelc/instrumentation/net/http/semconv); to add:
	go get go.opentelemetry.io/otelc/instrumentation/net/http/semconv@v0.0.0-00010101000000-000000000000
.otelc-build/instrumentation/net/http/semconv/client.go:17:2: missing go.sum entry for module providing package go.opentelemetry.io/otel/semconv/v1.37.0 (imported by go.opentelemetry.io/otelc/instrumentation/net/http/semconv); to add:
	go get go.opentelemetry.io/otelc/instrumentation/net/http/semconv@v0.0.0-00010101000000-000000000000
Error:
[0] failed to run command "go" in dir '""' with args: [build -work -toolexec=/home/user/opentelemetry-go-compile-instrumentation/otelc toolexec -o app4 .]: exit status 1

Stack:
[0] go.opentelemetry.io/otelc/tool/util/sys.go:37 tool/util.runCmd
[1] go.opentelemetry.io/otelc/tool/util/sys.go:44 tool/util.RunCmdWithEnv
[2] go.opentelemetry.io/otelc/tool/internal/setup/setup.go:525 tool/internal/setup.BuildWithToolexec
[3] go.opentelemetry.io/otelc/tool/internal/setup/setup.go:569 tool/internal/setup.GoBuild
[4] github.com/urfave/cli/v3@v3.10.1/command_run.go:382 github.com/urfave/cli/v3.(*Command).run
[5] github.com/urfave/cli/v3@v3.10.1/command_run.go:320 github.com/urfave/cli/v3.(*Command).run
[6] github.com/urfave/cli/v3@v3.10.1/command_run.go:95 github.com/urfave/cli/v3.(*Command).Run
[7] go.opentelemetry.io/otelc/tool/cmd/otelc/main.go:103 main.main
[8] runtime/proc.go:285 runtime.main
